(a and (b or (not a)))
and a or b not a 
(a or b)
a b or 
8 x != not x 8 == or 
18
0
1
and or not a b a 
b a or 
8 x == -1 x * 8 != not or 
0
and and c d and a b 
and and and a b and c e and and c d and a b 
